<html xmlns="http://www.w3.org/1999/xhtml" xmlns:svg="http://www.w3.org/2000/svg">
  


<img alt="translated: alt attribute" title="translated: title attribute" />

<img alt="translated: attribute with special characters: &lt; &amp; &gt; ' &quot; ½ ó ©" />

<img alt="translated: attribute with non-ASCII characters: árvíztűrő tükörfúrógép ÁRVÍZTŰRŐ TÜKÖRFÚRÓGÉP" />



<a>translated: Translatable address</a>
<label>translated: Translatable label</label>

<table>
  <thead><th>translated: Translatable table header cell</th></thead>
  <tr><td>translated: Translatable table cell</td></tr>
</table>



<p>
  translated: No parameters in this text.
</p>


  translated: Visit <a href="http://www.example.com">Google</a> for more information


<p>
  translated: Visit <a href="http://www.example.com">Google</a> for more information
</p>


  translated: 5 contacts of <a href="http://www.example.com/username/">Test User</a>


<p>
  translated: 5 contacts of <a href="http://www.example.com/username/">Test User</a>
</p>


  translated: This text contains three parameters: 1, 2, 3


<p>
  translated: This text contains three parameters: 1, 2, 3
</p>


  translated: Three digits: 1<b>-2-</b>3


<p>
  translated: Three digits: <b>-13-</b>2
</p>

<p>
  Um Hilfe zu erhalten besuchen Sie <i>bitte</i><a href="http://www.example.com">Google</a>, <b>das ist eine Web-Site</b>
</p>



<!--<py:for each="message_count in (1, 2)">-->
<!---->
<!--  <i18n:choose numeral="len(messages)" params="num">-->
<!--    <p i18n:singular="">You have <b>${message_count}</b> new message.</p>-->
<!--    <p i18n:plural="">You have <b>${message_count}</b> new messages.</p>-->
<!--  </i18n:choose>-->
<!--  -->
<!--  <p i18n:choose="len(messages); num">-->
<!--    <i18n:singular>You have <b>${message_count}</b> new message.</i18n:singular>-->
<!--    <i18n:plural>You have <b>${message_count}</b> new messages.</i18n:plural>-->
<!--  </p>-->
<!--  -->
<!--</py:for>-->



<!--<i18n:domain name="text_domain_1">domain #</i18n:domain>-->
<!--<i18n:domain name="text_domain_2">domain #</i18n:domain>-->
<!---->
<!--<p i18n:domain="text_domain_1">domain #</p>-->
<!--<p i18n:domain="text_domain_2">domain #</p>-->



<p>translated: Support Site</p>

<p>
  translated: Pictures of Test User uploaded today
</p>

</html>